// Jest Snapshot v1, https://goo.gl/fbAQLP

exports[`Home renders inline with snapshot 1`] = `
<div>
  <div
    class="relative"
  >
    <div
      class="fixed flex items-center z-10 w-full h-24 bg-slate-700"
    >
      <div
        class="flex items-center ml-3"
      >
        <div
          class="m-3 text-slate-100 text-lg"
        >
          Rick and Morty Series Explorer
        </div>
        <span>
          <input
            class="mx-5 ring px-2 py-1 rounded focus:outline-none focus:ring-blue-500 bg-slate-300 placeholder:text-slate-700"
            maxlength="20"
            placeholder="Type to discover..."
            type="text"
            value=""
          />
        </span>
      </div>
    </div>
    <div
      class="pt-24 z-0"
    >
      <div
        class="m-3 flex flex-wrap justify-center"
      >
        <div
          class="m-3 ring-2 rounded p-1 ring-yellow-800 bg-slate-400"
        >
          <ul
            class="text-center"
            style="width: 200px; height: 282px;"
          >
            <li>
              <span
                style="box-sizing: border-box; display: inline-block; overflow: hidden; background: none; opacity: 1; border: 0px; margin: 0px; padding: 0px; position: relative; max-width: 100%;"
              >
                <span
                  style="box-sizing: border-box; display: block; background: none; opacity: 1; border: 0px; margin: 0px; padding: 0px; max-width: 100%;"
                >
                  <img
                    alt=""
                    aria-hidden="true"
                    src="data:image/svg+xml,%3csvg%20xmlns=%27http://www.w3.org/2000/svg%27%20version=%271.1%27%20width=%27200%27%20height=%27200%27/%3e"
                    style="display: block; max-width: 100%; background: none; opacity: 1; border: 0px; margin: 0px; padding: 0px;"
                  />
                </span>
                <img
                  class="rounded-t"
                  data-nimg="intrinsic"
                  decoding="async"
                  src="/_next/image?url=https%3A%2F%2Frickandmortyapi.com%2Fapi%2Fcharacter%2Favatar%2F1.jpeg&w=640&q=75"
                  srcset="/_next/image?url=https%3A%2F%2Frickandmortyapi.com%2Fapi%2Fcharacter%2Favatar%2F1.jpeg&w=256&q=75 1x, /_next/image?url=https%3A%2F%2Frickandmortyapi.com%2Fapi%2Fcharacter%2Favatar%2F1.jpeg&w=640&q=75 2x"
                  style="position: absolute; top: 0px; left: 0px; bottom: 0px; right: 0px; box-sizing: border-box; padding: 0px; margin: auto; display: block; width: 0px; height: 0px; min-width: 100%; max-width: 100%; min-height: 100%; max-height: 100%;"
                />
                <noscript />
              </span>
            </li>
            <li
              class="text-xl truncate overflow-hidden mx-1"
            >
              TEST Sanchez
            </li>
            <li
              class="space-x-2"
            >
              <span>
                Male
              </span>
              <span>
                Human
              </span>
            </li>
            <li
              class="space-x-1"
            >
              <span
                class="text-sm"
              >
                Status:
              </span>
              <span>
                Alive
              </span>
            </li>
          </ul>
        </div>
        <div
          class="m-3 ring-2 rounded p-1 ring-yellow-800 bg-slate-400"
        >
          <ul
            class="text-center"
            style="width: 200px; height: 282px;"
          >
            <li>
              <span
                style="box-sizing: border-box; display: inline-block; overflow: hidden; background: none; opacity: 1; border: 0px; margin: 0px; padding: 0px; position: relative; max-width: 100%;"
              >
                <span
                  style="box-sizing: border-box; display: block; background: none; opacity: 1; border: 0px; margin: 0px; padding: 0px; max-width: 100%;"
                >
                  <img
                    alt=""
                    aria-hidden="true"
                    src="data:image/svg+xml,%3csvg%20xmlns=%27http://www.w3.org/2000/svg%27%20version=%271.1%27%20width=%27200%27%20height=%27200%27/%3e"
                    style="display: block; max-width: 100%; background: none; opacity: 1; border: 0px; margin: 0px; padding: 0px;"
                  />
                </span>
                <img
                  class="rounded-t"
                  data-nimg="intrinsic"
                  decoding="async"
                  src="/_next/image?url=https%3A%2F%2Frickandmortyapi.com%2Fapi%2Fcharacter%2Favatar%2F2.jpeg&w=640&q=75"
                  srcset="/_next/image?url=https%3A%2F%2Frickandmortyapi.com%2Fapi%2Fcharacter%2Favatar%2F2.jpeg&w=256&q=75 1x, /_next/image?url=https%3A%2F%2Frickandmortyapi.com%2Fapi%2Fcharacter%2Favatar%2F2.jpeg&w=640&q=75 2x"
                  style="position: absolute; top: 0px; left: 0px; bottom: 0px; right: 0px; box-sizing: border-box; padding: 0px; margin: auto; display: block; width: 0px; height: 0px; min-width: 100%; max-width: 100%; min-height: 100%; max-height: 100%;"
                />
                <noscript />
              </span>
            </li>
            <li
              class="text-xl truncate overflow-hidden mx-1"
            >
              Morty Smith
            </li>
            <li
              class="space-x-2"
            >
              <span>
                Male
              </span>
              <span>
                Human
              </span>
            </li>
            <li
              class="space-x-1"
            >
              <span
                class="text-sm"
              >
                Status:
              </span>
              <span>
                Alive
              </span>
            </li>
          </ul>
        </div>
        <div
          class="m-3 ring-2 rounded p-1 ring-yellow-800 bg-slate-400"
        >
          <ul
            class="text-center"
            style="width: 200px; height: 282px;"
          >
            <li>
              <span
                style="box-sizing: border-box; display: inline-block; overflow: hidden; background: none; opacity: 1; border: 0px; margin: 0px; padding: 0px; position: relative; max-width: 100%;"
              >
                <span
                  style="box-sizing: border-box; display: block; background: none; opacity: 1; border: 0px; margin: 0px; padding: 0px; max-width: 100%;"
                >
                  <img
                    alt=""
                    aria-hidden="true"
                    src="data:image/svg+xml,%3csvg%20xmlns=%27http://www.w3.org/2000/svg%27%20version=%271.1%27%20width=%27200%27%20height=%27200%27/%3e"
                    style="display: block; max-width: 100%; background: none; opacity: 1; border: 0px; margin: 0px; padding: 0px;"
                  />
                </span>
                <img
                  class="rounded-t"
                  data-nimg="intrinsic"
                  decoding="async"
                  src="/_next/image?url=https%3A%2F%2Frickandmortyapi.com%2Fapi%2Fcharacter%2Favatar%2F3.jpeg&w=640&q=75"
                  srcset="/_next/image?url=https%3A%2F%2Frickandmortyapi.com%2Fapi%2Fcharacter%2Favatar%2F3.jpeg&w=256&q=75 1x, /_next/image?url=https%3A%2F%2Frickandmortyapi.com%2Fapi%2Fcharacter%2Favatar%2F3.jpeg&w=640&q=75 2x"
                  style="position: absolute; top: 0px; left: 0px; bottom: 0px; right: 0px; box-sizing: border-box; padding: 0px; margin: auto; display: block; width: 0px; height: 0px; min-width: 100%; max-width: 100%; min-height: 100%; max-height: 100%;"
                />
                <noscript />
              </span>
            </li>
            <li
              class="text-xl truncate overflow-hidden mx-1"
            >
              Summer Smith
            </li>
            <li
              class="space-x-2"
            >
              <span>
                Female
              </span>
              <span>
                Human
              </span>
            </li>
            <li
              class="space-x-1"
            >
              <span
                class="text-sm"
              >
                Status:
              </span>
              <span>
                Alive
              </span>
            </li>
          </ul>
        </div>
        <div
          class="m-3 ring-2 rounded p-1 ring-yellow-800 bg-slate-400"
        >
          <ul
            class="text-center"
            style="width: 200px; height: 282px;"
          >
            <li>
              <span
                style="box-sizing: border-box; display: inline-block; overflow: hidden; background: none; opacity: 1; border: 0px; margin: 0px; padding: 0px; position: relative; max-width: 100%;"
              >
                <span
                  style="box-sizing: border-box; display: block; background: none; opacity: 1; border: 0px; margin: 0px; padding: 0px; max-width: 100%;"
                >
                  <img
                    alt=""
                    aria-hidden="true"
                    src="data:image/svg+xml,%3csvg%20xmlns=%27http://www.w3.org/2000/svg%27%20version=%271.1%27%20width=%27200%27%20height=%27200%27/%3e"
                    style="display: block; max-width: 100%; background: none; opacity: 1; border: 0px; margin: 0px; padding: 0px;"
                  />
                </span>
                <img
                  class="rounded-t"
                  data-nimg="intrinsic"
                  decoding="async"
                  src="/_next/image?url=https%3A%2F%2Frickandmortyapi.com%2Fapi%2Fcharacter%2Favatar%2F4.jpeg&w=640&q=75"
                  srcset="/_next/image?url=https%3A%2F%2Frickandmortyapi.com%2Fapi%2Fcharacter%2Favatar%2F4.jpeg&w=256&q=75 1x, /_next/image?url=https%3A%2F%2Frickandmortyapi.com%2Fapi%2Fcharacter%2Favatar%2F4.jpeg&w=640&q=75 2x"
                  style="position: absolute; top: 0px; left: 0px; bottom: 0px; right: 0px; box-sizing: border-box; padding: 0px; margin: auto; display: block; width: 0px; height: 0px; min-width: 100%; max-width: 100%; min-height: 100%; max-height: 100%;"
                />
                <noscript />
              </span>
            </li>
            <li
              class="text-xl truncate overflow-hidden mx-1"
            >
              Beth Smith
            </li>
            <li
              class="space-x-2"
            >
              <span>
                Female
              </span>
              <span>
                Human
              </span>
            </li>
            <li
              class="space-x-1"
            >
              <span
                class="text-sm"
              >
                Status:
              </span>
              <span>
                Alive
              </span>
            </li>
          </ul>
        </div>
        <div
          class="m-3 ring-2 rounded p-1 ring-yellow-800 bg-slate-400"
        >
          <ul
            class="text-center"
            style="width: 200px; height: 282px;"
          >
            <li>
              <span
                style="box-sizing: border-box; display: inline-block; overflow: hidden; background: none; opacity: 1; border: 0px; margin: 0px; padding: 0px; position: relative; max-width: 100%;"
              >
                <span
                  style="box-sizing: border-box; display: block; background: none; opacity: 1; border: 0px; margin: 0px; padding: 0px; max-width: 100%;"
                >
                  <img
                    alt=""
                    aria-hidden="true"
                    src="data:image/svg+xml,%3csvg%20xmlns=%27http://www.w3.org/2000/svg%27%20version=%271.1%27%20width=%27200%27%20height=%27200%27/%3e"
                    style="display: block; max-width: 100%; background: none; opacity: 1; border: 0px; margin: 0px; padding: 0px;"
                  />
                </span>
                <img
                  class="rounded-t"
                  data-nimg="intrinsic"
                  decoding="async"
                  src="/_next/image?url=https%3A%2F%2Frickandmortyapi.com%2Fapi%2Fcharacter%2Favatar%2F5.jpeg&w=640&q=75"
                  srcset="/_next/image?url=https%3A%2F%2Frickandmortyapi.com%2Fapi%2Fcharacter%2Favatar%2F5.jpeg&w=256&q=75 1x, /_next/image?url=https%3A%2F%2Frickandmortyapi.com%2Fapi%2Fcharacter%2Favatar%2F5.jpeg&w=640&q=75 2x"
                  style="position: absolute; top: 0px; left: 0px; bottom: 0px; right: 0px; box-sizing: border-box; padding: 0px; margin: auto; display: block; width: 0px; height: 0px; min-width: 100%; max-width: 100%; min-height: 100%; max-height: 100%;"
                />
                <noscript />
              </span>
            </li>
            <li
              class="text-xl truncate overflow-hidden mx-1"
            >
              Jerry Smith
            </li>
            <li
              class="space-x-2"
            >
              <span>
                Male
              </span>
              <span>
                Human
              </span>
            </li>
            <li
              class="space-x-1"
            >
              <span
                class="text-sm"
              >
                Status:
              </span>
              <span>
                Alive
              </span>
            </li>
          </ul>
        </div>
        <div
          class="m-3 ring-2 rounded p-1 ring-yellow-800 bg-slate-400"
        >
          <ul
            class="text-center"
            style="width: 200px; height: 282px;"
          >
            <li>
              <span
                style="box-sizing: border-box; display: inline-block; overflow: hidden; background: none; opacity: 1; border: 0px; margin: 0px; padding: 0px; position: relative; max-width: 100%;"
              >
                <span
                  style="box-sizing: border-box; display: block; background: none; opacity: 1; border: 0px; margin: 0px; padding: 0px; max-width: 100%;"
                >
                  <img
                    alt=""
                    aria-hidden="true"
                    src="data:image/svg+xml,%3csvg%20xmlns=%27http://www.w3.org/2000/svg%27%20version=%271.1%27%20width=%27200%27%20height=%27200%27/%3e"
                    style="display: block; max-width: 100%; background: none; opacity: 1; border: 0px; margin: 0px; padding: 0px;"
                  />
                </span>
                <img
                  class="rounded-t"
                  data-nimg="intrinsic"
                  decoding="async"
                  src="/_next/image?url=https%3A%2F%2Frickandmortyapi.com%2Fapi%2Fcharacter%2Favatar%2F6.jpeg&w=640&q=75"
                  srcset="/_next/image?url=https%3A%2F%2Frickandmortyapi.com%2Fapi%2Fcharacter%2Favatar%2F6.jpeg&w=256&q=75 1x, /_next/image?url=https%3A%2F%2Frickandmortyapi.com%2Fapi%2Fcharacter%2Favatar%2F6.jpeg&w=640&q=75 2x"
                  style="position: absolute; top: 0px; left: 0px; bottom: 0px; right: 0px; box-sizing: border-box; padding: 0px; margin: auto; display: block; width: 0px; height: 0px; min-width: 100%; max-width: 100%; min-height: 100%; max-height: 100%;"
                />
                <noscript />
              </span>
            </li>
            <li
              class="text-xl truncate overflow-hidden mx-1"
            >
              Abadango Cluster Princess
            </li>
            <li
              class="space-x-2"
            >
              <span>
                Female
              </span>
              <span>
                Alien
              </span>
            </li>
            <li
              class="space-x-1"
            >
              <span
                class="text-sm"
              >
                Status:
              </span>
              <span>
                Alive
              </span>
            </li>
          </ul>
        </div>
        <div
          class="m-3 ring-2 rounded p-1 ring-yellow-800 bg-slate-400"
        >
          <ul
            class="text-center"
            style="width: 200px; height: 282px;"
          >
            <li>
              <span
                style="box-sizing: border-box; display: inline-block; overflow: hidden; background: none; opacity: 1; border: 0px; margin: 0px; padding: 0px; position: relative; max-width: 100%;"
              >
                <span
                  style="box-sizing: border-box; display: block; background: none; opacity: 1; border: 0px; margin: 0px; padding: 0px; max-width: 100%;"
                >
                  <img
                    alt=""
                    aria-hidden="true"
                    src="data:image/svg+xml,%3csvg%20xmlns=%27http://www.w3.org/2000/svg%27%20version=%271.1%27%20width=%27200%27%20height=%27200%27/%3e"
                    style="display: block; max-width: 100%; background: none; opacity: 1; border: 0px; margin: 0px; padding: 0px;"
                  />
                </span>
                <img
                  class="rounded-t"
                  data-nimg="intrinsic"
                  decoding="async"
                  src="/_next/image?url=https%3A%2F%2Frickandmortyapi.com%2Fapi%2Fcharacter%2Favatar%2F7.jpeg&w=640&q=75"
                  srcset="/_next/image?url=https%3A%2F%2Frickandmortyapi.com%2Fapi%2Fcharacter%2Favatar%2F7.jpeg&w=256&q=75 1x, /_next/image?url=https%3A%2F%2Frickandmortyapi.com%2Fapi%2Fcharacter%2Favatar%2F7.jpeg&w=640&q=75 2x"
                  style="position: absolute; top: 0px; left: 0px; bottom: 0px; right: 0px; box-sizing: border-box; padding: 0px; margin: auto; display: block; width: 0px; height: 0px; min-width: 100%; max-width: 100%; min-height: 100%; max-height: 100%;"
                />
                <noscript />
              </span>
            </li>
            <li
              class="text-xl truncate overflow-hidden mx-1"
            >
              Abradolf Lincler
            </li>
            <li
              class="space-x-2"
            >
              <span>
                Male
              </span>
              <span>
                Human
              </span>
            </li>
            <li
              class="space-x-1"
            >
              <span
                class="text-sm"
              >
                Status:
              </span>
              <span>
                unknown
              </span>
            </li>
          </ul>
        </div>
        <div
          class="m-3 ring-2 rounded p-1 ring-yellow-800 bg-slate-400"
        >
          <ul
            class="text-center"
            style="width: 200px; height: 282px;"
          >
            <li>
              <span
                style="box-sizing: border-box; display: inline-block; overflow: hidden; background: none; opacity: 1; border: 0px; margin: 0px; padding: 0px; position: relative; max-width: 100%;"
              >
                <span
                  style="box-sizing: border-box; display: block; background: none; opacity: 1; border: 0px; margin: 0px; padding: 0px; max-width: 100%;"
                >
                  <img
                    alt=""
                    aria-hidden="true"
                    src="data:image/svg+xml,%3csvg%20xmlns=%27http://www.w3.org/2000/svg%27%20version=%271.1%27%20width=%27200%27%20height=%27200%27/%3e"
                    style="display: block; max-width: 100%; background: none; opacity: 1; border: 0px; margin: 0px; padding: 0px;"
                  />
                </span>
                <img
                  class="rounded-t"
                  data-nimg="intrinsic"
                  decoding="async"
                  src="/_next/image?url=https%3A%2F%2Frickandmortyapi.com%2Fapi%2Fcharacter%2Favatar%2F8.jpeg&w=640&q=75"
                  srcset="/_next/image?url=https%3A%2F%2Frickandmortyapi.com%2Fapi%2Fcharacter%2Favatar%2F8.jpeg&w=256&q=75 1x, /_next/image?url=https%3A%2F%2Frickandmortyapi.com%2Fapi%2Fcharacter%2Favatar%2F8.jpeg&w=640&q=75 2x"
                  style="position: absolute; top: 0px; left: 0px; bottom: 0px; right: 0px; box-sizing: border-box; padding: 0px; margin: auto; display: block; width: 0px; height: 0px; min-width: 100%; max-width: 100%; min-height: 100%; max-height: 100%;"
                />
                <noscript />
              </span>
            </li>
            <li
              class="text-xl truncate overflow-hidden mx-1"
            >
              Adjudicator Rick
            </li>
            <li
              class="space-x-2"
            >
              <span>
                Male
              </span>
              <span>
                Human
              </span>
            </li>
            <li
              class="space-x-1"
            >
              <span
                class="text-sm"
              >
                Status:
              </span>
              <span>
                Dead
              </span>
            </li>
          </ul>
        </div>
        <div
          class="m-3 ring-2 rounded p-1 ring-yellow-800 bg-slate-400"
        >
          <ul
            class="text-center"
            style="width: 200px; height: 282px;"
          >
            <li>
              <span
                style="box-sizing: border-box; display: inline-block; overflow: hidden; background: none; opacity: 1; border: 0px; margin: 0px; padding: 0px; position: relative; max-width: 100%;"
              >
                <span
                  style="box-sizing: border-box; display: block; background: none; opacity: 1; border: 0px; margin: 0px; padding: 0px; max-width: 100%;"
                >
                  <img
                    alt=""
                    aria-hidden="true"
                    src="data:image/svg+xml,%3csvg%20xmlns=%27http://www.w3.org/2000/svg%27%20version=%271.1%27%20width=%27200%27%20height=%27200%27/%3e"
                    style="display: block; max-width: 100%; background: none; opacity: 1; border: 0px; margin: 0px; padding: 0px;"
                  />
                </span>
                <img
                  class="rounded-t"
                  data-nimg="intrinsic"
                  decoding="async"
                  src="/_next/image?url=https%3A%2F%2Frickandmortyapi.com%2Fapi%2Fcharacter%2Favatar%2F9.jpeg&w=640&q=75"
                  srcset="/_next/image?url=https%3A%2F%2Frickandmortyapi.com%2Fapi%2Fcharacter%2Favatar%2F9.jpeg&w=256&q=75 1x, /_next/image?url=https%3A%2F%2Frickandmortyapi.com%2Fapi%2Fcharacter%2Favatar%2F9.jpeg&w=640&q=75 2x"
                  style="position: absolute; top: 0px; left: 0px; bottom: 0px; right: 0px; box-sizing: border-box; padding: 0px; margin: auto; display: block; width: 0px; height: 0px; min-width: 100%; max-width: 100%; min-height: 100%; max-height: 100%;"
                />
                <noscript />
              </span>
            </li>
            <li
              class="text-xl truncate overflow-hidden mx-1"
            >
              Agency Director
            </li>
            <li
              class="space-x-2"
            >
              <span>
                Male
              </span>
              <span>
                Human
              </span>
            </li>
            <li
              class="space-x-1"
            >
              <span
                class="text-sm"
              >
                Status:
              </span>
              <span>
                Dead
              </span>
            </li>
          </ul>
        </div>
        <div
          class="m-3 ring-2 rounded p-1 ring-yellow-800 bg-slate-400"
        >
          <ul
            class="text-center"
            style="width: 200px; height: 282px;"
          >
            <li>
              <span
                style="box-sizing: border-box; display: inline-block; overflow: hidden; background: none; opacity: 1; border: 0px; margin: 0px; padding: 0px; position: relative; max-width: 100%;"
              >
                <span
                  style="box-sizing: border-box; display: block; background: none; opacity: 1; border: 0px; margin: 0px; padding: 0px; max-width: 100%;"
                >
                  <img
                    alt=""
                    aria-hidden="true"
                    src="data:image/svg+xml,%3csvg%20xmlns=%27http://www.w3.org/2000/svg%27%20version=%271.1%27%20width=%27200%27%20height=%27200%27/%3e"
                    style="display: block; max-width: 100%; background: none; opacity: 1; border: 0px; margin: 0px; padding: 0px;"
                  />
                </span>
                <img
                  class="rounded-t"
                  data-nimg="intrinsic"
                  decoding="async"
                  src="/_next/image?url=https%3A%2F%2Frickandmortyapi.com%2Fapi%2Fcharacter%2Favatar%2F10.jpeg&w=640&q=75"
                  srcset="/_next/image?url=https%3A%2F%2Frickandmortyapi.com%2Fapi%2Fcharacter%2Favatar%2F10.jpeg&w=256&q=75 1x, /_next/image?url=https%3A%2F%2Frickandmortyapi.com%2Fapi%2Fcharacter%2Favatar%2F10.jpeg&w=640&q=75 2x"
                  style="position: absolute; top: 0px; left: 0px; bottom: 0px; right: 0px; box-sizing: border-box; padding: 0px; margin: auto; display: block; width: 0px; height: 0px; min-width: 100%; max-width: 100%; min-height: 100%; max-height: 100%;"
                />
                <noscript />
              </span>
            </li>
            <li
              class="text-xl truncate overflow-hidden mx-1"
            >
              Alan Rails
            </li>
            <li
              class="space-x-2"
            >
              <span>
                Male
              </span>
              <span>
                Human
              </span>
            </li>
            <li
              class="space-x-1"
            >
              <span
                class="text-sm"
              >
                Status:
              </span>
              <span>
                Dead
              </span>
            </li>
          </ul>
        </div>
        <div
          class="m-3 ring-2 rounded p-1 ring-yellow-800 bg-slate-400"
        >
          <ul
            class="text-center"
            style="width: 200px; height: 282px;"
          >
            <li>
              <span
                style="box-sizing: border-box; display: inline-block; overflow: hidden; background: none; opacity: 1; border: 0px; margin: 0px; padding: 0px; position: relative; max-width: 100%;"
              >
                <span
                  style="box-sizing: border-box; display: block; background: none; opacity: 1; border: 0px; margin: 0px; padding: 0px; max-width: 100%;"
                >
                  <img
                    alt=""
                    aria-hidden="true"
                    src="data:image/svg+xml,%3csvg%20xmlns=%27http://www.w3.org/2000/svg%27%20version=%271.1%27%20width=%27200%27%20height=%27200%27/%3e"
                    style="display: block; max-width: 100%; background: none; opacity: 1; border: 0px; margin: 0px; padding: 0px;"
                  />
                </span>
                <img
                  class="rounded-t"
                  data-nimg="intrinsic"
                  decoding="async"
                  src="/_next/image?url=https%3A%2F%2Frickandmortyapi.com%2Fapi%2Fcharacter%2Favatar%2F11.jpeg&w=640&q=75"
                  srcset="/_next/image?url=https%3A%2F%2Frickandmortyapi.com%2Fapi%2Fcharacter%2Favatar%2F11.jpeg&w=256&q=75 1x, /_next/image?url=https%3A%2F%2Frickandmortyapi.com%2Fapi%2Fcharacter%2Favatar%2F11.jpeg&w=640&q=75 2x"
                  style="position: absolute; top: 0px; left: 0px; bottom: 0px; right: 0px; box-sizing: border-box; padding: 0px; margin: auto; display: block; width: 0px; height: 0px; min-width: 100%; max-width: 100%; min-height: 100%; max-height: 100%;"
                />
                <noscript />
              </span>
            </li>
            <li
              class="text-xl truncate overflow-hidden mx-1"
            >
              Albert Einstein
            </li>
            <li
              class="space-x-2"
            >
              <span>
                Male
              </span>
              <span>
                Human
              </span>
            </li>
            <li
              class="space-x-1"
            >
              <span
                class="text-sm"
              >
                Status:
              </span>
              <span>
                Dead
              </span>
            </li>
          </ul>
        </div>
        <div
          class="m-3 ring-2 rounded p-1 ring-yellow-800 bg-slate-400"
        >
          <ul
            class="text-center"
            style="width: 200px; height: 282px;"
          >
            <li>
              <span
                style="box-sizing: border-box; display: inline-block; overflow: hidden; background: none; opacity: 1; border: 0px; margin: 0px; padding: 0px; position: relative; max-width: 100%;"
              >
                <span
                  style="box-sizing: border-box; display: block; background: none; opacity: 1; border: 0px; margin: 0px; padding: 0px; max-width: 100%;"
                >
                  <img
                    alt=""
                    aria-hidden="true"
                    src="data:image/svg+xml,%3csvg%20xmlns=%27http://www.w3.org/2000/svg%27%20version=%271.1%27%20width=%27200%27%20height=%27200%27/%3e"
                    style="display: block; max-width: 100%; background: none; opacity: 1; border: 0px; margin: 0px; padding: 0px;"
                  />
                </span>
                <img
                  class="rounded-t"
                  data-nimg="intrinsic"
                  decoding="async"
                  src="/_next/image?url=https%3A%2F%2Frickandmortyapi.com%2Fapi%2Fcharacter%2Favatar%2F12.jpeg&w=640&q=75"
                  srcset="/_next/image?url=https%3A%2F%2Frickandmortyapi.com%2Fapi%2Fcharacter%2Favatar%2F12.jpeg&w=256&q=75 1x, /_next/image?url=https%3A%2F%2Frickandmortyapi.com%2Fapi%2Fcharacter%2Favatar%2F12.jpeg&w=640&q=75 2x"
                  style="position: absolute; top: 0px; left: 0px; bottom: 0px; right: 0px; box-sizing: border-box; padding: 0px; margin: auto; display: block; width: 0px; height: 0px; min-width: 100%; max-width: 100%; min-height: 100%; max-height: 100%;"
                />
                <noscript />
              </span>
            </li>
            <li
              class="text-xl truncate overflow-hidden mx-1"
            >
              Alexander
            </li>
            <li
              class="space-x-2"
            >
              <span>
                Male
              </span>
              <span>
                Human
              </span>
            </li>
            <li
              class="space-x-1"
            >
              <span
                class="text-sm"
              >
                Status:
              </span>
              <span>
                Dead
              </span>
            </li>
          </ul>
        </div>
        <div
          class="m-3 ring-2 rounded p-1 ring-yellow-800 bg-slate-400"
        >
          <ul
            class="text-center"
            style="width: 200px; height: 282px;"
          >
            <li>
              <span
                style="box-sizing: border-box; display: inline-block; overflow: hidden; background: none; opacity: 1; border: 0px; margin: 0px; padding: 0px; position: relative; max-width: 100%;"
              >
                <span
                  style="box-sizing: border-box; display: block; background: none; opacity: 1; border: 0px; margin: 0px; padding: 0px; max-width: 100%;"
                >
                  <img
                    alt=""
                    aria-hidden="true"
                    src="data:image/svg+xml,%3csvg%20xmlns=%27http://www.w3.org/2000/svg%27%20version=%271.1%27%20width=%27200%27%20height=%27200%27/%3e"
                    style="display: block; max-width: 100%; background: none; opacity: 1; border: 0px; margin: 0px; padding: 0px;"
                  />
                </span>
                <img
                  class="rounded-t"
                  data-nimg="intrinsic"
                  decoding="async"
                  src="/_next/image?url=https%3A%2F%2Frickandmortyapi.com%2Fapi%2Fcharacter%2Favatar%2F13.jpeg&w=640&q=75"
                  srcset="/_next/image?url=https%3A%2F%2Frickandmortyapi.com%2Fapi%2Fcharacter%2Favatar%2F13.jpeg&w=256&q=75 1x, /_next/image?url=https%3A%2F%2Frickandmortyapi.com%2Fapi%2Fcharacter%2Favatar%2F13.jpeg&w=640&q=75 2x"
                  style="position: absolute; top: 0px; left: 0px; bottom: 0px; right: 0px; box-sizing: border-box; padding: 0px; margin: auto; display: block; width: 0px; height: 0px; min-width: 100%; max-width: 100%; min-height: 100%; max-height: 100%;"
                />
                <noscript />
              </span>
            </li>
            <li
              class="text-xl truncate overflow-hidden mx-1"
            >
              Alien Googah
            </li>
            <li
              class="space-x-2"
            >
              <span>
                unknown
              </span>
              <span>
                Alien
              </span>
            </li>
            <li
              class="space-x-1"
            >
              <span
                class="text-sm"
              >
                Status:
              </span>
              <span>
                unknown
              </span>
            </li>
          </ul>
        </div>
        <div
          class="m-3 ring-2 rounded p-1 ring-yellow-800 bg-slate-400"
        >
          <ul
            class="text-center"
            style="width: 200px; height: 282px;"
          >
            <li>
              <span
                style="box-sizing: border-box; display: inline-block; overflow: hidden; background: none; opacity: 1; border: 0px; margin: 0px; padding: 0px; position: relative; max-width: 100%;"
              >
                <span
                  style="box-sizing: border-box; display: block; background: none; opacity: 1; border: 0px; margin: 0px; padding: 0px; max-width: 100%;"
                >
                  <img
                    alt=""
                    aria-hidden="true"
                    src="data:image/svg+xml,%3csvg%20xmlns=%27http://www.w3.org/2000/svg%27%20version=%271.1%27%20width=%27200%27%20height=%27200%27/%3e"
                    style="display: block; max-width: 100%; background: none; opacity: 1; border: 0px; margin: 0px; padding: 0px;"
                  />
                </span>
                <img
                  class="rounded-t"
                  data-nimg="intrinsic"
                  decoding="async"
                  src="/_next/image?url=https%3A%2F%2Frickandmortyapi.com%2Fapi%2Fcharacter%2Favatar%2F14.jpeg&w=640&q=75"
                  srcset="/_next/image?url=https%3A%2F%2Frickandmortyapi.com%2Fapi%2Fcharacter%2Favatar%2F14.jpeg&w=256&q=75 1x, /_next/image?url=https%3A%2F%2Frickandmortyapi.com%2Fapi%2Fcharacter%2Favatar%2F14.jpeg&w=640&q=75 2x"
                  style="position: absolute; top: 0px; left: 0px; bottom: 0px; right: 0px; box-sizing: border-box; padding: 0px; margin: auto; display: block; width: 0px; height: 0px; min-width: 100%; max-width: 100%; min-height: 100%; max-height: 100%;"
                />
                <noscript />
              </span>
            </li>
            <li
              class="text-xl truncate overflow-hidden mx-1"
            >
              Alien Morty
            </li>
            <li
              class="space-x-2"
            >
              <span>
                Male
              </span>
              <span>
                Alien
              </span>
            </li>
            <li
              class="space-x-1"
            >
              <span
                class="text-sm"
              >
                Status:
              </span>
              <span>
                unknown
              </span>
            </li>
          </ul>
        </div>
        <div
          class="m-3 ring-2 rounded p-1 ring-yellow-800 bg-slate-400"
        >
          <ul
            class="text-center"
            style="width: 200px; height: 282px;"
          >
            <li>
              <span
                style="box-sizing: border-box; display: inline-block; overflow: hidden; background: none; opacity: 1; border: 0px; margin: 0px; padding: 0px; position: relative; max-width: 100%;"
              >
                <span
                  style="box-sizing: border-box; display: block; background: none; opacity: 1; border: 0px; margin: 0px; padding: 0px; max-width: 100%;"
                >
                  <img
                    alt=""
                    aria-hidden="true"
                    src="data:image/svg+xml,%3csvg%20xmlns=%27http://www.w3.org/2000/svg%27%20version=%271.1%27%20width=%27200%27%20height=%27200%27/%3e"
                    style="display: block; max-width: 100%; background: none; opacity: 1; border: 0px; margin: 0px; padding: 0px;"
                  />
                </span>
                <img
                  class="rounded-t"
                  data-nimg="intrinsic"
                  decoding="async"
                  src="/_next/image?url=https%3A%2F%2Frickandmortyapi.com%2Fapi%2Fcharacter%2Favatar%2F15.jpeg&w=640&q=75"
                  srcset="/_next/image?url=https%3A%2F%2Frickandmortyapi.com%2Fapi%2Fcharacter%2Favatar%2F15.jpeg&w=256&q=75 1x, /_next/image?url=https%3A%2F%2Frickandmortyapi.com%2Fapi%2Fcharacter%2Favatar%2F15.jpeg&w=640&q=75 2x"
                  style="position: absolute; top: 0px; left: 0px; bottom: 0px; right: 0px; box-sizing: border-box; padding: 0px; margin: auto; display: block; width: 0px; height: 0px; min-width: 100%; max-width: 100%; min-height: 100%; max-height: 100%;"
                />
                <noscript />
              </span>
            </li>
            <li
              class="text-xl truncate overflow-hidden mx-1"
            >
              Alien Rick
            </li>
            <li
              class="space-x-2"
            >
              <span>
                Male
              </span>
              <span>
                Alien
              </span>
            </li>
            <li
              class="space-x-1"
            >
              <span
                class="text-sm"
              >
                Status:
              </span>
              <span>
                unknown
              </span>
            </li>
          </ul>
        </div>
        <div
          class="m-3 ring-2 rounded p-1 ring-yellow-800 bg-slate-400"
        >
          <ul
            class="text-center"
            style="width: 200px; height: 282px;"
          >
            <li>
              <span
                style="box-sizing: border-box; display: inline-block; overflow: hidden; background: none; opacity: 1; border: 0px; margin: 0px; padding: 0px; position: relative; max-width: 100%;"
              >
                <span
                  style="box-sizing: border-box; display: block; background: none; opacity: 1; border: 0px; margin: 0px; padding: 0px; max-width: 100%;"
                >
                  <img
                    alt=""
                    aria-hidden="true"
                    src="data:image/svg+xml,%3csvg%20xmlns=%27http://www.w3.org/2000/svg%27%20version=%271.1%27%20width=%27200%27%20height=%27200%27/%3e"
                    style="display: block; max-width: 100%; background: none; opacity: 1; border: 0px; margin: 0px; padding: 0px;"
                  />
                </span>
                <img
                  class="rounded-t"
                  data-nimg="intrinsic"
                  decoding="async"
                  src="/_next/image?url=https%3A%2F%2Frickandmortyapi.com%2Fapi%2Fcharacter%2Favatar%2F16.jpeg&w=640&q=75"
                  srcset="/_next/image?url=https%3A%2F%2Frickandmortyapi.com%2Fapi%2Fcharacter%2Favatar%2F16.jpeg&w=256&q=75 1x, /_next/image?url=https%3A%2F%2Frickandmortyapi.com%2Fapi%2Fcharacter%2Favatar%2F16.jpeg&w=640&q=75 2x"
                  style="position: absolute; top: 0px; left: 0px; bottom: 0px; right: 0px; box-sizing: border-box; padding: 0px; margin: auto; display: block; width: 0px; height: 0px; min-width: 100%; max-width: 100%; min-height: 100%; max-height: 100%;"
                />
                <noscript />
              </span>
            </li>
            <li
              class="text-xl truncate overflow-hidden mx-1"
            >
              Amish Cyborg
            </li>
            <li
              class="space-x-2"
            >
              <span>
                Male
              </span>
              <span>
                Alien
              </span>
            </li>
            <li
              class="space-x-1"
            >
              <span
                class="text-sm"
              >
                Status:
              </span>
              <span>
                Dead
              </span>
            </li>
          </ul>
        </div>
        <div
          class="m-3 ring-2 rounded p-1 ring-yellow-800 bg-slate-400"
        >
          <ul
            class="text-center"
            style="width: 200px; height: 282px;"
          >
            <li>
              <span
                style="box-sizing: border-box; display: inline-block; overflow: hidden; background: none; opacity: 1; border: 0px; margin: 0px; padding: 0px; position: relative; max-width: 100%;"
              >
                <span
                  style="box-sizing: border-box; display: block; background: none; opacity: 1; border: 0px; margin: 0px; padding: 0px; max-width: 100%;"
                >
                  <img
                    alt=""
                    aria-hidden="true"
                    src="data:image/svg+xml,%3csvg%20xmlns=%27http://www.w3.org/2000/svg%27%20version=%271.1%27%20width=%27200%27%20height=%27200%27/%3e"
                    style="display: block; max-width: 100%; background: none; opacity: 1; border: 0px; margin: 0px; padding: 0px;"
                  />
                </span>
                <img
                  class="rounded-t"
                  data-nimg="intrinsic"
                  decoding="async"
                  src="/_next/image?url=https%3A%2F%2Frickandmortyapi.com%2Fapi%2Fcharacter%2Favatar%2F17.jpeg&w=640&q=75"
                  srcset="/_next/image?url=https%3A%2F%2Frickandmortyapi.com%2Fapi%2Fcharacter%2Favatar%2F17.jpeg&w=256&q=75 1x, /_next/image?url=https%3A%2F%2Frickandmortyapi.com%2Fapi%2Fcharacter%2Favatar%2F17.jpeg&w=640&q=75 2x"
                  style="position: absolute; top: 0px; left: 0px; bottom: 0px; right: 0px; box-sizing: border-box; padding: 0px; margin: auto; display: block; width: 0px; height: 0px; min-width: 100%; max-width: 100%; min-height: 100%; max-height: 100%;"
                />
                <noscript />
              </span>
            </li>
            <li
              class="text-xl truncate overflow-hidden mx-1"
            >
              Annie
            </li>
            <li
              class="space-x-2"
            >
              <span>
                Female
              </span>
              <span>
                Human
              </span>
            </li>
            <li
              class="space-x-1"
            >
              <span
                class="text-sm"
              >
                Status:
              </span>
              <span>
                Alive
              </span>
            </li>
          </ul>
        </div>
        <div
          class="m-3 ring-2 rounded p-1 ring-yellow-800 bg-slate-400"
        >
          <ul
            class="text-center"
            style="width: 200px; height: 282px;"
          >
            <li>
              <span
                style="box-sizing: border-box; display: inline-block; overflow: hidden; background: none; opacity: 1; border: 0px; margin: 0px; padding: 0px; position: relative; max-width: 100%;"
              >
                <span
                  style="box-sizing: border-box; display: block; background: none; opacity: 1; border: 0px; margin: 0px; padding: 0px; max-width: 100%;"
                >
                  <img
                    alt=""
                    aria-hidden="true"
                    src="data:image/svg+xml,%3csvg%20xmlns=%27http://www.w3.org/2000/svg%27%20version=%271.1%27%20width=%27200%27%20height=%27200%27/%3e"
                    style="display: block; max-width: 100%; background: none; opacity: 1; border: 0px; margin: 0px; padding: 0px;"
                  />
                </span>
                <img
                  class="rounded-t"
                  data-nimg="intrinsic"
                  decoding="async"
                  src="/_next/image?url=https%3A%2F%2Frickandmortyapi.com%2Fapi%2Fcharacter%2Favatar%2F18.jpeg&w=640&q=75"
                  srcset="/_next/image?url=https%3A%2F%2Frickandmortyapi.com%2Fapi%2Fcharacter%2Favatar%2F18.jpeg&w=256&q=75 1x, /_next/image?url=https%3A%2F%2Frickandmortyapi.com%2Fapi%2Fcharacter%2Favatar%2F18.jpeg&w=640&q=75 2x"
                  style="position: absolute; top: 0px; left: 0px; bottom: 0px; right: 0px; box-sizing: border-box; padding: 0px; margin: auto; display: block; width: 0px; height: 0px; min-width: 100%; max-width: 100%; min-height: 100%; max-height: 100%;"
                />
                <noscript />
              </span>
            </li>
            <li
              class="text-xl truncate overflow-hidden mx-1"
            >
              Antenna Morty
            </li>
            <li
              class="space-x-2"
            >
              <span>
                Male
              </span>
              <span>
                Human
              </span>
            </li>
            <li
              class="space-x-1"
            >
              <span
                class="text-sm"
              >
                Status:
              </span>
              <span>
                Alive
              </span>
            </li>
          </ul>
        </div>
        <div
          class="m-3 ring-2 rounded p-1 ring-yellow-800 bg-slate-400"
        >
          <ul
            class="text-center"
            style="width: 200px; height: 282px;"
          >
            <li>
              <span
                style="box-sizing: border-box; display: inline-block; overflow: hidden; background: none; opacity: 1; border: 0px; margin: 0px; padding: 0px; position: relative; max-width: 100%;"
              >
                <span
                  style="box-sizing: border-box; display: block; background: none; opacity: 1; border: 0px; margin: 0px; padding: 0px; max-width: 100%;"
                >
                  <img
                    alt=""
                    aria-hidden="true"
                    src="data:image/svg+xml,%3csvg%20xmlns=%27http://www.w3.org/2000/svg%27%20version=%271.1%27%20width=%27200%27%20height=%27200%27/%3e"
                    style="display: block; max-width: 100%; background: none; opacity: 1; border: 0px; margin: 0px; padding: 0px;"
                  />
                </span>
                <img
                  class="rounded-t"
                  data-nimg="intrinsic"
                  decoding="async"
                  src="/_next/image?url=https%3A%2F%2Frickandmortyapi.com%2Fapi%2Fcharacter%2Favatar%2F19.jpeg&w=640&q=75"
                  srcset="/_next/image?url=https%3A%2F%2Frickandmortyapi.com%2Fapi%2Fcharacter%2Favatar%2F19.jpeg&w=256&q=75 1x, /_next/image?url=https%3A%2F%2Frickandmortyapi.com%2Fapi%2Fcharacter%2Favatar%2F19.jpeg&w=640&q=75 2x"
                  style="position: absolute; top: 0px; left: 0px; bottom: 0px; right: 0px; box-sizing: border-box; padding: 0px; margin: auto; display: block; width: 0px; height: 0px; min-width: 100%; max-width: 100%; min-height: 100%; max-height: 100%;"
                />
                <noscript />
              </span>
            </li>
            <li
              class="text-xl truncate overflow-hidden mx-1"
            >
              Antenna Rick
            </li>
            <li
              class="space-x-2"
            >
              <span>
                Male
              </span>
              <span>
                Human
              </span>
            </li>
            <li
              class="space-x-1"
            >
              <span
                class="text-sm"
              >
                Status:
              </span>
              <span>
                unknown
              </span>
            </li>
          </ul>
        </div>
        <div
          class="m-3 ring-2 rounded p-1 ring-yellow-800 bg-slate-400"
        >
          <ul
            class="text-center"
            style="width: 200px; height: 282px;"
          >
            <li>
              <span
                style="box-sizing: border-box; display: inline-block; overflow: hidden; background: none; opacity: 1; border: 0px; margin: 0px; padding: 0px; position: relative; max-width: 100%;"
              >
                <span
                  style="box-sizing: border-box; display: block; background: none; opacity: 1; border: 0px; margin: 0px; padding: 0px; max-width: 100%;"
                >
                  <img
                    alt=""
                    aria-hidden="true"
                    src="data:image/svg+xml,%3csvg%20xmlns=%27http://www.w3.org/2000/svg%27%20version=%271.1%27%20width=%27200%27%20height=%27200%27/%3e"
                    style="display: block; max-width: 100%; background: none; opacity: 1; border: 0px; margin: 0px; padding: 0px;"
                  />
                </span>
                <img
                  class="rounded-t"
                  data-nimg="intrinsic"
                  decoding="async"
                  src="/_next/image?url=https%3A%2F%2Frickandmortyapi.com%2Fapi%2Fcharacter%2Favatar%2F20.jpeg&w=640&q=75"
                  srcset="/_next/image?url=https%3A%2F%2Frickandmortyapi.com%2Fapi%2Fcharacter%2Favatar%2F20.jpeg&w=256&q=75 1x, /_next/image?url=https%3A%2F%2Frickandmortyapi.com%2Fapi%2Fcharacter%2Favatar%2F20.jpeg&w=640&q=75 2x"
                  style="position: absolute; top: 0px; left: 0px; bottom: 0px; right: 0px; box-sizing: border-box; padding: 0px; margin: auto; display: block; width: 0px; height: 0px; min-width: 100%; max-width: 100%; min-height: 100%; max-height: 100%;"
                />
                <noscript />
              </span>
            </li>
            <li
              class="text-xl truncate overflow-hidden mx-1"
            >
              Ants in my Eyes Johnson
            </li>
            <li
              class="space-x-2"
            >
              <span>
                Male
              </span>
              <span>
                Human
              </span>
            </li>
            <li
              class="space-x-1"
            >
              <span
                class="text-sm"
              >
                Status:
              </span>
              <span>
                unknown
              </span>
            </li>
          </ul>
        </div>
        <div
          class="m-3 ring-2 rounded p-1 ring-yellow-800 bg-slate-400"
        >
          <ul
            class="text-center flex flex-col justify-center"
            style="width: 200px; height: 282px;"
          >
            <li
              class="text-sm"
            >
              Episode
            </li>
            <li
              class=" text-xl mx-1"
            >
              Pilot
            </li>
            <li>
              S01E01
            </li>
            <li>
              December 2, 2013
            </li>
          </ul>
        </div>
        <div
          class="m-3 ring-2 rounded p-1 ring-yellow-800 bg-slate-400"
        >
          <ul
            class="text-center flex flex-col justify-center"
            style="width: 200px; height: 282px;"
          >
            <li
              class="text-sm"
            >
              Episode
            </li>
            <li
              class=" text-xl mx-1"
            >
              Lawnmower Dog
            </li>
            <li>
              S01E02
            </li>
            <li>
              December 9, 2013
            </li>
          </ul>
        </div>
        <div
          class="m-3 ring-2 rounded p-1 ring-yellow-800 bg-slate-400"
        >
          <ul
            class="text-center flex flex-col justify-center"
            style="width: 200px; height: 282px;"
          >
            <li
              class="text-sm"
            >
              Episode
            </li>
            <li
              class=" text-xl mx-1"
            >
              Anatomy Park
            </li>
            <li>
              S01E03
            </li>
            <li>
              December 16, 2013
            </li>
          </ul>
        </div>
        <div
          class="m-3 ring-2 rounded p-1 ring-yellow-800 bg-slate-400"
        >
          <ul
            class="text-center flex flex-col justify-center"
            style="width: 200px; height: 282px;"
          >
            <li
              class="text-sm"
            >
              Episode
            </li>
            <li
              class=" text-xl mx-1"
            >
              M. Night Shaym-Aliens!
            </li>
            <li>
              S01E04
            </li>
            <li>
              January 13, 2014
            </li>
          </ul>
        </div>
        <div
          class="m-3 ring-2 rounded p-1 ring-yellow-800 bg-slate-400"
        >
          <ul
            class="text-center flex flex-col justify-center"
            style="width: 200px; height: 282px;"
          >
            <li
              class="text-sm"
            >
              Episode
            </li>
            <li
              class=" text-xl mx-1"
            >
              Meeseeks and Destroy
            </li>
            <li>
              S01E05
            </li>
            <li>
              January 20, 2014
            </li>
          </ul>
        </div>
        <div
          class="m-3 ring-2 rounded p-1 ring-yellow-800 bg-slate-400"
        >
          <ul
            class="text-center flex flex-col justify-center"
            style="width: 200px; height: 282px;"
          >
            <li
              class="text-sm"
            >
              Episode
            </li>
            <li
              class=" text-xl mx-1"
            >
              Rick Potion #9
            </li>
            <li>
              S01E06
            </li>
            <li>
              January 27, 2014
            </li>
          </ul>
        </div>
        <div
          class="m-3 ring-2 rounded p-1 ring-yellow-800 bg-slate-400"
        >
          <ul
            class="text-center flex flex-col justify-center"
            style="width: 200px; height: 282px;"
          >
            <li
              class="text-sm"
            >
              Episode
            </li>
            <li
              class=" text-xl mx-1"
            >
              Raising Gazorpazorp
            </li>
            <li>
              S01E07
            </li>
            <li>
              March 10, 2014
            </li>
          </ul>
        </div>
        <div
          class="m-3 ring-2 rounded p-1 ring-yellow-800 bg-slate-400"
        >
          <ul
            class="text-center flex flex-col justify-center"
            style="width: 200px; height: 282px;"
          >
            <li
              class="text-sm"
            >
              Episode
            </li>
            <li
              class=" text-xl mx-1"
            >
              Rixty Minutes
            </li>
            <li>
              S01E08
            </li>
            <li>
              March 17, 2014
            </li>
          </ul>
        </div>
        <div
          class="m-3 ring-2 rounded p-1 ring-yellow-800 bg-slate-400"
        >
          <ul
            class="text-center flex flex-col justify-center"
            style="width: 200px; height: 282px;"
          >
            <li
              class="text-sm"
            >
              Episode
            </li>
            <li
              class=" text-xl mx-1"
            >
              Something Ricked This Way Comes
            </li>
            <li>
              S01E09
            </li>
            <li>
              March 24, 2014
            </li>
          </ul>
        </div>
        <div
          class="m-3 ring-2 rounded p-1 ring-yellow-800 bg-slate-400"
        >
          <ul
            class="text-center flex flex-col justify-center"
            style="width: 200px; height: 282px;"
          >
            <li
              class="text-sm"
            >
              Episode
            </li>
            <li
              class=" text-xl mx-1"
            >
              Close Rick-counters of the Rick Kind
            </li>
            <li>
              S01E10
            </li>
            <li>
              April 7, 2014
            </li>
          </ul>
        </div>
        <div
          class="m-3 ring-2 rounded p-1 ring-yellow-800 bg-slate-400"
        >
          <ul
            class="text-center flex flex-col justify-center"
            style="width: 200px; height: 282px;"
          >
            <li
              class="text-sm"
            >
              Episode
            </li>
            <li
              class=" text-xl mx-1"
            >
              Ricksy Business
            </li>
            <li>
              S01E11
            </li>
            <li>
              April 14, 2014
            </li>
          </ul>
        </div>
        <div
          class="m-3 ring-2 rounded p-1 ring-yellow-800 bg-slate-400"
        >
          <ul
            class="text-center flex flex-col justify-center"
            style="width: 200px; height: 282px;"
          >
            <li
              class="text-sm"
            >
              Episode
            </li>
            <li
              class=" text-xl mx-1"
            >
              A Rickle in Time
            </li>
            <li>
              S02E01
            </li>
            <li>
              July 26, 2015
            </li>
          </ul>
        </div>
        <div
          class="m-3 ring-2 rounded p-1 ring-yellow-800 bg-slate-400"
        >
          <ul
            class="text-center flex flex-col justify-center"
            style="width: 200px; height: 282px;"
          >
            <li
              class="text-sm"
            >
              Episode
            </li>
            <li
              class=" text-xl mx-1"
            >
              Mortynight Run
            </li>
            <li>
              S02E02
            </li>
            <li>
              August 2, 2015
            </li>
          </ul>
        </div>
        <div
          class="m-3 ring-2 rounded p-1 ring-yellow-800 bg-slate-400"
        >
          <ul
            class="text-center flex flex-col justify-center"
            style="width: 200px; height: 282px;"
          >
            <li
              class="text-sm"
            >
              Episode
            </li>
            <li
              class=" text-xl mx-1"
            >
              Auto Erotic Assimilation
            </li>
            <li>
              S02E03
            </li>
            <li>
              August 9, 2015
            </li>
          </ul>
        </div>
        <div
          class="m-3 ring-2 rounded p-1 ring-yellow-800 bg-slate-400"
        >
          <ul
            class="text-center flex flex-col justify-center"
            style="width: 200px; height: 282px;"
          >
            <li
              class="text-sm"
            >
              Episode
            </li>
            <li
              class=" text-xl mx-1"
            >
              Total Rickall
            </li>
            <li>
              S02E04
            </li>
            <li>
              August 16, 2015
            </li>
          </ul>
        </div>
        <div
          class="m-3 ring-2 rounded p-1 ring-yellow-800 bg-slate-400"
        >
          <ul
            class="text-center flex flex-col justify-center"
            style="width: 200px; height: 282px;"
          >
            <li
              class="text-sm"
            >
              Episode
            </li>
            <li
              class=" text-xl mx-1"
            >
              Get Schwifty
            </li>
            <li>
              S02E05
            </li>
            <li>
              August 23, 2015
            </li>
          </ul>
        </div>
        <div
          class="m-3 ring-2 rounded p-1 ring-yellow-800 bg-slate-400"
        >
          <ul
            class="text-center flex flex-col justify-center"
            style="width: 200px; height: 282px;"
          >
            <li
              class="text-sm"
            >
              Episode
            </li>
            <li
              class=" text-xl mx-1"
            >
              The Ricks Must Be Crazy
            </li>
            <li>
              S02E06
            </li>
            <li>
              August 30, 2015
            </li>
          </ul>
        </div>
        <div
          class="m-3 ring-2 rounded p-1 ring-yellow-800 bg-slate-400"
        >
          <ul
            class="text-center flex flex-col justify-center"
            style="width: 200px; height: 282px;"
          >
            <li
              class="text-sm"
            >
              Episode
            </li>
            <li
              class=" text-xl mx-1"
            >
              Big Trouble in Little Sanchez
            </li>
            <li>
              S02E07
            </li>
            <li>
              September 13, 2015
            </li>
          </ul>
        </div>
        <div
          class="m-3 ring-2 rounded p-1 ring-yellow-800 bg-slate-400"
        >
          <ul
            class="text-center flex flex-col justify-center"
            style="width: 200px; height: 282px;"
          >
            <li
              class="text-sm"
            >
              Episode
            </li>
            <li
              class=" text-xl mx-1"
            >
              Interdimensional Cable 2: Tempting Fate
            </li>
            <li>
              S02E08
            </li>
            <li>
              September 20, 2015
            </li>
          </ul>
        </div>
        <div
          class="m-3 ring-2 rounded p-1 ring-yellow-800 bg-slate-400"
        >
          <ul
            class="text-center flex flex-col justify-center"
            style="width: 200px; height: 282px;"
          >
            <li
              class="text-sm"
            >
              Episode
            </li>
            <li
              class=" text-xl mx-1"
            >
              Look Who's Purging Now
            </li>
            <li>
              S02E09
            </li>
            <li>
              September 27, 2015
            </li>
          </ul>
        </div>
        <div
          class="m-3 ring-2 rounded p-1 ring-yellow-800 bg-slate-400"
        >
          <ul
            class="text-center flex flex-col justify-center"
            style="width: 200px; height: 282px;"
          >
            <li
              class="text-sm"
            >
              Location
            </li>
            <li
              class=" text-xl mx-1"
            >
              Earth (C-137)
            </li>
            <li>
              Planet
            </li>
            <li>
              Dimension C-137
            </li>
          </ul>
        </div>
        <div
          class="m-3 ring-2 rounded p-1 ring-yellow-800 bg-slate-400"
        >
          <ul
            class="text-center flex flex-col justify-center"
            style="width: 200px; height: 282px;"
          >
            <li
              class="text-sm"
            >
              Location
            </li>
            <li
              class=" text-xl mx-1"
            >
              Abadango
            </li>
            <li>
              Cluster
            </li>
            <li>
              unknown
            </li>
          </ul>
        </div>
        <div
          class="m-3 ring-2 rounded p-1 ring-yellow-800 bg-slate-400"
        >
          <ul
            class="text-center flex flex-col justify-center"
            style="width: 200px; height: 282px;"
          >
            <li
              class="text-sm"
            >
              Location
            </li>
            <li
              class=" text-xl mx-1"
            >
              Citadel of Ricks
            </li>
            <li>
              Space station
            </li>
            <li>
              unknown
            </li>
          </ul>
        </div>
        <div
          class="m-3 ring-2 rounded p-1 ring-yellow-800 bg-slate-400"
        >
          <ul
            class="text-center flex flex-col justify-center"
            style="width: 200px; height: 282px;"
          >
            <li
              class="text-sm"
            >
              Location
            </li>
            <li
              class=" text-xl mx-1"
            >
              Worldender's lair
            </li>
            <li>
              Planet
            </li>
            <li>
              unknown
            </li>
          </ul>
        </div>
        <div
          class="m-3 ring-2 rounded p-1 ring-yellow-800 bg-slate-400"
        >
          <ul
            class="text-center flex flex-col justify-center"
            style="width: 200px; height: 282px;"
          >
            <li
              class="text-sm"
            >
              Location
            </li>
            <li
              class=" text-xl mx-1"
            >
              Anatomy Park
            </li>
            <li>
              Microverse
            </li>
            <li>
              Dimension C-137
            </li>
          </ul>
        </div>
        <div
          class="m-3 ring-2 rounded p-1 ring-yellow-800 bg-slate-400"
        >
          <ul
            class="text-center flex flex-col justify-center"
            style="width: 200px; height: 282px;"
          >
            <li
              class="text-sm"
            >
              Location
            </li>
            <li
              class=" text-xl mx-1"
            >
              Interdimensional Cable
            </li>
            <li>
              TV
            </li>
            <li>
              unknown
            </li>
          </ul>
        </div>
        <div
          class="m-3 ring-2 rounded p-1 ring-yellow-800 bg-slate-400"
        >
          <ul
            class="text-center flex flex-col justify-center"
            style="width: 200px; height: 282px;"
          >
            <li
              class="text-sm"
            >
              Location
            </li>
            <li
              class=" text-xl mx-1"
            >
              Immortality Field Resort
            </li>
            <li>
              Resort
            </li>
            <li>
              unknown
            </li>
          </ul>
        </div>
        <div
          class="m-3 ring-2 rounded p-1 ring-yellow-800 bg-slate-400"
        >
          <ul
            class="text-center flex flex-col justify-center"
            style="width: 200px; height: 282px;"
          >
            <li
              class="text-sm"
            >
              Location
            </li>
            <li
              class=" text-xl mx-1"
            >
              Post-Apocalyptic Earth
            </li>
            <li>
              Planet
            </li>
            <li>
              Post-Apocalyptic Dimension
            </li>
          </ul>
        </div>
        <div
          class="m-3 ring-2 rounded p-1 ring-yellow-800 bg-slate-400"
        >
          <ul
            class="text-center flex flex-col justify-center"
            style="width: 200px; height: 282px;"
          >
            <li
              class="text-sm"
            >
              Location
            </li>
            <li
              class=" text-xl mx-1"
            >
              Purge Planet
            </li>
            <li>
              Planet
            </li>
            <li>
              Replacement Dimension
            </li>
          </ul>
        </div>
        <div
          class="m-3 ring-2 rounded p-1 ring-yellow-800 bg-slate-400"
        >
          <ul
            class="text-center flex flex-col justify-center"
            style="width: 200px; height: 282px;"
          >
            <li
              class="text-sm"
            >
              Location
            </li>
            <li
              class=" text-xl mx-1"
            >
              Venzenulon 7
            </li>
            <li>
              Planet
            </li>
            <li>
              unknown
            </li>
          </ul>
        </div>
        <div
          class="m-3 ring-2 rounded p-1 ring-yellow-800 bg-slate-400"
        >
          <ul
            class="text-center flex flex-col justify-center"
            style="width: 200px; height: 282px;"
          >
            <li
              class="text-sm"
            >
              Location
            </li>
            <li
              class=" text-xl mx-1"
            >
              Bepis 9
            </li>
            <li>
              Planet
            </li>
            <li>
              unknown
            </li>
          </ul>
        </div>
        <div
          class="m-3 ring-2 rounded p-1 ring-yellow-800 bg-slate-400"
        >
          <ul
            class="text-center flex flex-col justify-center"
            style="width: 200px; height: 282px;"
          >
            <li
              class="text-sm"
            >
              Location
            </li>
            <li
              class=" text-xl mx-1"
            >
              Cronenberg Earth
            </li>
            <li>
              Planet
            </li>
            <li>
              Cronenberg Dimension
            </li>
          </ul>
        </div>
        <div
          class="m-3 ring-2 rounded p-1 ring-yellow-800 bg-slate-400"
        >
          <ul
            class="text-center flex flex-col justify-center"
            style="width: 200px; height: 282px;"
          >
            <li
              class="text-sm"
            >
              Location
            </li>
            <li
              class=" text-xl mx-1"
            >
              Nuptia 4
            </li>
            <li>
              Planet
            </li>
            <li>
              unknown
            </li>
          </ul>
        </div>
        <div
          class="m-3 ring-2 rounded p-1 ring-yellow-800 bg-slate-400"
        >
          <ul
            class="text-center flex flex-col justify-center"
            style="width: 200px; height: 282px;"
          >
            <li
              class="text-sm"
            >
              Location
            </li>
            <li
              class=" text-xl mx-1"
            >
              Giant's Town
            </li>
            <li>
              Fantasy town
            </li>
            <li>
              Fantasy Dimension
            </li>
          </ul>
        </div>
        <div
          class="m-3 ring-2 rounded p-1 ring-yellow-800 bg-slate-400"
        >
          <ul
            class="text-center flex flex-col justify-center"
            style="width: 200px; height: 282px;"
          >
            <li
              class="text-sm"
            >
              Location
            </li>
            <li
              class=" text-xl mx-1"
            >
              Bird World
            </li>
            <li>
              Planet
            </li>
            <li>
              unknown
            </li>
          </ul>
        </div>
        <div
          class="m-3 ring-2 rounded p-1 ring-yellow-800 bg-slate-400"
        >
          <ul
            class="text-center flex flex-col justify-center"
            style="width: 200px; height: 282px;"
          >
            <li
              class="text-sm"
            >
              Location
            </li>
            <li
              class=" text-xl mx-1"
            >
              St. Gloopy Noops Hospital
            </li>
            <li>
              Space station
            </li>
            <li>
              unknown
            </li>
          </ul>
        </div>
        <div
          class="m-3 ring-2 rounded p-1 ring-yellow-800 bg-slate-400"
        >
          <ul
            class="text-center flex flex-col justify-center"
            style="width: 200px; height: 282px;"
          >
            <li
              class="text-sm"
            >
              Location
            </li>
            <li
              class=" text-xl mx-1"
            >
              Earth (5-126)
            </li>
            <li>
              Planet
            </li>
            <li>
              Dimension 5-126
            </li>
          </ul>
        </div>
        <div
          class="m-3 ring-2 rounded p-1 ring-yellow-800 bg-slate-400"
        >
          <ul
            class="text-center flex flex-col justify-center"
            style="width: 200px; height: 282px;"
          >
            <li
              class="text-sm"
            >
              Location
            </li>
            <li
              class=" text-xl mx-1"
            >
              Mr. Goldenfold's dream
            </li>
            <li>
              Dream
            </li>
            <li>
              Dimension C-137
            </li>
          </ul>
        </div>
        <div
          class="m-3 ring-2 rounded p-1 ring-yellow-800 bg-slate-400"
        >
          <ul
            class="text-center flex flex-col justify-center"
            style="width: 200px; height: 282px;"
          >
            <li
              class="text-sm"
            >
              Location
            </li>
            <li
              class=" text-xl mx-1"
            >
              Gromflom Prime
            </li>
            <li>
              Planet
            </li>
            <li>
              Replacement Dimension
            </li>
          </ul>
        </div>
        <div
          class="m-3 ring-2 rounded p-1 ring-yellow-800 bg-slate-400"
        >
          <ul
            class="text-center flex flex-col justify-center"
            style="width: 200px; height: 282px;"
          >
            <li
              class="text-sm"
            >
              Location
            </li>
            <li
              class=" text-xl mx-1"
            >
              Earth (Replacement Dimension)
            </li>
            <li>
              Planet
            </li>
            <li>
              Replacement Dimension
            </li>
          </ul>
        </div>
      </div>
    </div>
  </div>
</div>
`;
